W&B online. Running your script from this directory will now sync to the cloud.
Already on 'wavelet-loss'
M	neural_lam/metrics.py
M	neural_lam/train_model.py
M	run_job.bash
Your branch is ahead of 'mllam_github/main' by 7 commits.
  (use "git push" to publish your local commits)
[rank: 0] Global seed set to 42
/proj/berzelius-2022-164/users/x_erila/neural-lam/neural_lam/utils.py:20: FutureWarning: You are using `torch.load` with `weights_only=False` (the current default value), which uses the default pickle module implicitly. It is possible to construct malicious pickle data which will execute arbitrary code during unpickling (See https://github.com/pytorch/pytorch/blob/main/SECURITY.md#untrusted-models for more details). In a future release, the default value for `weights_only` will be flipped to `True`. This limits the functions that could be executed during unpickling. Arbitrary objects will no longer be allowed to be loaded via this mode unless they are explicitly allowlisted by the user via `torch.serialization.add_safe_globals`. We recommend you start setting `weights_only=True` for any use case where you don't have full control of the loaded file. Please open an issue on GitHub for any issues related to this experimental feature.
  return torch.load(
/proj/berzelius-2022-164/users/x_erila/neural-lam/neural_lam/utils.py:45: FutureWarning: You are using `torch.load` with `weights_only=False` (the current default value), which uses the default pickle module implicitly. It is possible to construct malicious pickle data which will execute arbitrary code during unpickling (See https://github.com/pytorch/pytorch/blob/main/SECURITY.md#untrusted-models for more details). In a future release, the default value for `weights_only` will be flipped to `True`. This limits the functions that could be executed during unpickling. Arbitrary objects will no longer be allowed to be loaded via this mode unless they are explicitly allowlisted by the user via `torch.serialization.add_safe_globals`. We recommend you start setting `weights_only=True` for any use case where you don't have full control of the loaded file. Please open an issue on GitHub for any issues related to this experimental feature.
  return torch.load(
/proj/berzelius-2022-164/users/x_erila/neural-lam/neural_lam/utils.py:120: FutureWarning: You are using `torch.load` with `weights_only=False` (the current default value), which uses the default pickle module implicitly. It is possible to construct malicious pickle data which will execute arbitrary code during unpickling (See https://github.com/pytorch/pytorch/blob/main/SECURITY.md#untrusted-models for more details). In a future release, the default value for `weights_only` will be flipped to `True`. This limits the functions that could be executed during unpickling. Arbitrary objects will no longer be allowed to be loaded via this mode unless they are explicitly allowlisted by the user via `torch.serialization.add_safe_globals`. We recommend you start setting `weights_only=True` for any use case where you don't have full control of the loaded file. Please open an issue on GitHub for any issues related to this experimental feature.
  return torch.load(os.path.join(graph_dir_path, fn), map_location=device)
wandb: Currently logged in as: erik-larsson (erik-larsson-link-ping-university). Use `wandb login --relogin` to force relogin
wandb: wandb version 0.17.9 is available!  To upgrade, please run:
wandb:  $ pip install wandb --upgrade
wandb: Tracking run with wandb version 0.17.7
wandb: Run data is saved locally in ./wandb/run-20240906_162539-4z8uupaa
wandb: Run `wandb offline` to turn off syncing.
wandb: Syncing run dtcwt_nlev4-graph_lam-4x64-09_06_16-0468
wandb: ⭐️ View project at https://wandb.ai/erik-larsson-link-ping-university/neural_lam_wavelet
wandb: 🚀 View run at https://wandb.ai/erik-larsson-link-ping-university/neural_lam_wavelet/runs/4z8uupaa
/home/x_erila/.conda/envs/BZ31/lib/python3.10/site-packages/lightning_fabric/plugins/environments/slurm.py:168: PossibleUserWarning: The `srun` command is available on your system but is not used. HINT: If your intention is to run Lightning on SLURM, prepend your python command with `srun` like so: srun python /proj/berzelius-2022-164/users/x_erila/neural-lam/ne ...
  rank_zero_warn(
GPU available: True (cuda), used: True
TPU available: False, using: 0 TPU cores
IPU available: False, using: 0 IPUs
HPU available: False, using: 0 HPUs
[rank: 0] Global seed set to 42
Initializing distributed: GLOBAL_RANK: 0, MEMBER: 1/1
----------------------------------------------------------------------------------------------------
distributed_backend=nccl
All distributed processes registered. Starting with 1 processes
----------------------------------------------------------------------------------------------------

LOCAL_RANK: 0 - CUDA_VISIBLE_DEVICES: [0]

  | Name              | Type              | Params
--------------------------------------------------------
0 | grid_embedder     | Sequential        | 7.8 K 
1 | g2m_embedder      | Sequential        | 4.5 K 
2 | m2g_embedder      | Sequential        | 4.5 K 
3 | g2m_gnn           | InteractionNet    | 29.2 K
4 | encoding_grid_mlp | Sequential        | 8.4 K 
5 | m2g_gnn           | InteractionNet    | 29.2 K
6 | output_map        | Sequential        | 5.3 K 
7 | mesh_embedder     | Sequential        | 4.5 K 
8 | m2m_embedder      | Sequential        | 4.5 K 
9 | processor         | Sequential_e32377 | 116 K 
--------------------------------------------------------
214 K     Trainable params
0         Non-trainable params
214 K     Total params
0.859     Total estimated model params size (MB)
Loaded graph with 70345 nodes (63784 grid, 6561 mesh)
Edges in subgraphs: m2m=57616, g2m=100656, m2g=255136
Sanity Checking: 0it [00:00, ?it/s]Sanity Checking:   0%|          | 0/2 [00:00<?, ?it/s]Sanity Checking DataLoader 0:   0%|          | 0/2 [00:00<?, ?it/s][rank0]: Traceback (most recent call last):
[rank0]:   File "/home/x_erila/.conda/envs/BZ31/lib/python3.10/runpy.py", line 196, in _run_module_as_main
[rank0]:     return _run_code(code, main_globals, None,
[rank0]:   File "/home/x_erila/.conda/envs/BZ31/lib/python3.10/runpy.py", line 86, in _run_code
[rank0]:     exec(code, run_globals)
[rank0]:   File "/proj/berzelius-2022-164/users/x_erila/neural-lam/neural_lam/train_model.py", line 345, in <module>
[rank0]:     main()
[rank0]:   File "/proj/berzelius-2022-164/users/x_erila/neural-lam/neural_lam/train_model.py", line 336, in main
[rank0]:     trainer.fit(
[rank0]:   File "/home/x_erila/.conda/envs/BZ31/lib/python3.10/site-packages/pytorch_lightning/trainer/trainer.py", line 532, in fit
[rank0]:     call._call_and_handle_interrupt(
[rank0]:   File "/home/x_erila/.conda/envs/BZ31/lib/python3.10/site-packages/pytorch_lightning/trainer/call.py", line 42, in _call_and_handle_interrupt
[rank0]:     return trainer.strategy.launcher.launch(trainer_fn, *args, trainer=trainer, **kwargs)
[rank0]:   File "/home/x_erila/.conda/envs/BZ31/lib/python3.10/site-packages/pytorch_lightning/strategies/launchers/subprocess_script.py", line 93, in launch
[rank0]:     return function(*args, **kwargs)
[rank0]:   File "/home/x_erila/.conda/envs/BZ31/lib/python3.10/site-packages/pytorch_lightning/trainer/trainer.py", line 571, in _fit_impl
[rank0]:     self._run(model, ckpt_path=ckpt_path)
[rank0]:   File "/home/x_erila/.conda/envs/BZ31/lib/python3.10/site-packages/pytorch_lightning/trainer/trainer.py", line 980, in _run
[rank0]:     results = self._run_stage()
[rank0]:   File "/home/x_erila/.conda/envs/BZ31/lib/python3.10/site-packages/pytorch_lightning/trainer/trainer.py", line 1021, in _run_stage
[rank0]:     self._run_sanity_check()
[rank0]:   File "/home/x_erila/.conda/envs/BZ31/lib/python3.10/site-packages/pytorch_lightning/trainer/trainer.py", line 1050, in _run_sanity_check
[rank0]:     val_loop.run()
[rank0]:   File "/home/x_erila/.conda/envs/BZ31/lib/python3.10/site-packages/pytorch_lightning/loops/utilities.py", line 181, in _decorator
[rank0]:     return loop_run(self, *args, **kwargs)
[rank0]:   File "/home/x_erila/.conda/envs/BZ31/lib/python3.10/site-packages/pytorch_lightning/loops/evaluation_loop.py", line 115, in run
[rank0]:     self._evaluation_step(batch, batch_idx, dataloader_idx)
[rank0]:   File "/home/x_erila/.conda/envs/BZ31/lib/python3.10/site-packages/pytorch_lightning/loops/evaluation_loop.py", line 376, in _evaluation_step
[rank0]:     output = call._call_strategy_hook(trainer, hook_name, *step_kwargs.values())
[rank0]:   File "/home/x_erila/.conda/envs/BZ31/lib/python3.10/site-packages/pytorch_lightning/trainer/call.py", line 294, in _call_strategy_hook
[rank0]:     output = fn(*args, **kwargs)
[rank0]:   File "/home/x_erila/.conda/envs/BZ31/lib/python3.10/site-packages/pytorch_lightning/strategies/ddp.py", line 338, in validation_step
[rank0]:     return self.model(*args, **kwargs)
[rank0]:   File "/home/x_erila/.conda/envs/BZ31/lib/python3.10/site-packages/torch/nn/modules/module.py", line 1553, in _wrapped_call_impl
[rank0]:     return self._call_impl(*args, **kwargs)
[rank0]:   File "/home/x_erila/.conda/envs/BZ31/lib/python3.10/site-packages/torch/nn/modules/module.py", line 1562, in _call_impl
[rank0]:     return forward_call(*args, **kwargs)
[rank0]:   File "/home/x_erila/.conda/envs/BZ31/lib/python3.10/site-packages/torch/nn/parallel/distributed.py", line 1636, in forward
[rank0]:     else self._run_ddp_forward(*inputs, **kwargs)
[rank0]:   File "/home/x_erila/.conda/envs/BZ31/lib/python3.10/site-packages/torch/nn/parallel/distributed.py", line 1454, in _run_ddp_forward
[rank0]:     return self.module(*inputs, **kwargs)  # type: ignore[index]
[rank0]:   File "/home/x_erila/.conda/envs/BZ31/lib/python3.10/site-packages/torch/nn/modules/module.py", line 1553, in _wrapped_call_impl
[rank0]:     return self._call_impl(*args, **kwargs)
[rank0]:   File "/home/x_erila/.conda/envs/BZ31/lib/python3.10/site-packages/torch/nn/modules/module.py", line 1562, in _call_impl
[rank0]:     return forward_call(*args, **kwargs)
[rank0]:   File "/home/x_erila/.conda/envs/BZ31/lib/python3.10/site-packages/pytorch_lightning/overrides/base.py", line 102, in forward
[rank0]:     return self._forward_module.validation_step(*inputs, **kwargs)
[rank0]:   File "/proj/berzelius-2022-164/users/x_erila/neural-lam/neural_lam/models/ar_model.py", line 245, in validation_step
[rank0]:     self.loss(
[rank0]:   File "/proj/berzelius-2022-164/users/x_erila/neural-lam/neural_lam/metrics.py", line 278, in dtcwt_loss
[rank0]:     hp_a_box = torch.stack([torch.sum(x.reshape(x.shape[0], x.shape[1], x.shape[2]//k, k, x.shape[3]//k, k).swapaxes(3,4), axis=(4,5)) for x in hp_abs_a.swapaxes(0,2)])
[rank0]:   File "/proj/berzelius-2022-164/users/x_erila/neural-lam/neural_lam/metrics.py", line 278, in <listcomp>
[rank0]:     hp_a_box = torch.stack([torch.sum(x.reshape(x.shape[0], x.shape[1], x.shape[2]//k, k, x.shape[3]//k, k).swapaxes(3,4), axis=(4,5)) for x in hp_abs_a.swapaxes(0,2)])
[rank0]: RuntimeError: shape '[17, 8, 19, 7, 17, 7]' is invalid for input of size 2168656
wandb: - 0.027 MB of 0.027 MB uploadedwandb: \ 0.027 MB of 0.044 MB uploadedwandb: | 0.044 MB of 0.044 MB uploadedwandb: 🚀 View run dtcwt_nlev4-graph_lam-4x64-09_06_16-0468 at: https://wandb.ai/erik-larsson-link-ping-university/neural_lam_wavelet/runs/4z8uupaa
wandb: ⭐️ View project at: https://wandb.ai/erik-larsson-link-ping-university/neural_lam_wavelet
wandb: Synced 6 W&B file(s), 0 media file(s), 0 artifact file(s) and 0 other file(s)
wandb: Find logs at: ./wandb/run-20240906_162539-4z8uupaa/logs
wandb: WARNING The new W&B backend becomes opt-out in version 0.18.0; try it out with `wandb.require("core")`! See https://wandb.me/wandb-core for more information.
fld_a.shape input: torch.Size([8, 63784, 17])
fld_b.shape input: torch.Size([8, 63784, 17])
fld_a.shape: torch.Size([8, 63784, 17])
fld_b.shape: torch.Size([8, 63784, 17])
