***********************************
You have loaded a Mambaforge module
***********************************
---------------------------------------------------------------------------------------------------
NOTE: NSC strongly advices against placing 'mamba activate' (or 'conda
activate', with or without
      arguments) in your shell initialization files, (e.g. '.bashrc' or
'.bash_profile') since
      this severly alters the environment for running software in ways that
cause unpredictable
      issues that can be difficult to diagnose.
---------------------------------------------------------------------------------------------------

W&B online. Running your script from this directory will now sync to the cloud.
Already on 'prob_model_lam'
M	neural_lam/metrics.py
M	neural_lam/models/diffusion.py
M	neural_lam/models/edm_networks.py
M	run_job.bash
D	slurm-12207976.out
D	slurm-12208795.out
Your branch is ahead of 'origin/prob_model_lam' by 28 commits.
  (use "git push" to publish your local commits)
[rank: 0] Global seed set to 42
/proj/berzelius-2022-164/users/x_erila/neural-lam/neural_lam/utils.py:23: FutureWarning: You are using `torch.load` with `weights_only=False` (the current default value), which uses the default pickle module implicitly. It is possible to construct malicious pickle data which will execute arbitrary code during unpickling (See https://github.com/pytorch/pytorch/blob/main/SECURITY.md#untrusted-models for more details). In a future release, the default value for `weights_only` will be flipped to `True`. This limits the functions that could be executed during unpickling. Arbitrary objects will no longer be allowed to be loaded via this mode unless they are explicitly allowlisted by the user via `torch.serialization.add_safe_globals`. We recommend you start setting `weights_only=True` for any use case where you don't have full control of the loaded file. Please open an issue on GitHub for any issues related to this experimental feature.
  return torch.load(
/home/x_erila/.conda/envs/BZ31/lib/python3.10/site-packages/torch/utils/data/dataloader.py:557: UserWarning: This DataLoader will create 16 worker processes in total. Our suggested max number of worker in current system is 4, which is smaller than what this DataLoader is going to create. Please be aware that excessive worker creation might get DataLoader running slow or even freeze, lower the worker number to avoid potential slowness/freeze if necessary.
  warnings.warn(_create_warning_msg(
/proj/berzelius-2022-164/users/x_erila/neural-lam/neural_lam/utils.py:48: FutureWarning: You are using `torch.load` with `weights_only=False` (the current default value), which uses the default pickle module implicitly. It is possible to construct malicious pickle data which will execute arbitrary code during unpickling (See https://github.com/pytorch/pytorch/blob/main/SECURITY.md#untrusted-models for more details). In a future release, the default value for `weights_only` will be flipped to `True`. This limits the functions that could be executed during unpickling. Arbitrary objects will no longer be allowed to be loaded via this mode unless they are explicitly allowlisted by the user via `torch.serialization.add_safe_globals`. We recommend you start setting `weights_only=True` for any use case where you don't have full control of the loaded file. Please open an issue on GitHub for any issues related to this experimental feature.
  return torch.load(
wandb: Currently logged in as: erik-larsson (erik-larsson-link-ping-university). Use `wandb login --relogin` to force relogin
wandb: wandb version 0.18.3 is available!  To upgrade, please run:
wandb:  $ pip install wandb --upgrade
wandb: Tracking run with wandb version 0.17.7
wandb: Run data is saved locally in ./wandb/run-20241017_112929-w9hhzvge
wandb: Run `wandb offline` to turn off syncing.
wandb: Syncing run std_1_loss_diff_edm_no_border-diffusion-4x64-10_17_11-6333
wandb: ⭐️ View project at https://wandb.ai/erik-larsson-link-ping-university/neural-lam_prob
wandb: 🚀 View run at https://wandb.ai/erik-larsson-link-ping-university/neural-lam_prob/runs/w9hhzvge
/home/x_erila/.conda/envs/BZ31/lib/python3.10/site-packages/lightning_fabric/plugins/environments/slurm.py:168: PossibleUserWarning: The `srun` command is available on your system but is not used. HINT: If your intention is to run Lightning on SLURM, prepend your python command with `srun` like so: srun python3 train_model.py --model diffusion --diffusion_model  ...
  rank_zero_warn(
GPU available: True (cuda), used: True
TPU available: False, using: 0 TPU cores
IPU available: False, using: 0 IPUs
HPU available: False, using: 0 HPUs
[rank: 0] Global seed set to 42
Initializing distributed: GLOBAL_RANK: 0, MEMBER: 1/1
----------------------------------------------------------------------------------------------------
distributed_backend=nccl
All distributed processes registered. Starting with 1 processes
----------------------------------------------------------------------------------------------------

LOCAL_RANK: 0 - CUDA_VISIBLE_DEVICES: [MIG-43050ffc-7cff-5b74-a709-6c97babd80d6]

  | Name  | Type       | Params
-------------------------------------
0 | model | EDMPrecond | 60.6 M
-------------------------------------
60.6 M    Trainable params
0         Non-trainable params
60.6 M    Total params
242.304   Total estimated model params size (MB)
Sanity Checking: 0it [00:00, ?it/s]/home/x_erila/.conda/envs/BZ31/lib/python3.10/site-packages/torch/utils/data/dataloader.py:557: UserWarning: This DataLoader will create 16 worker processes in total. Our suggested max number of worker in current system is 4, which is smaller than what this DataLoader is going to create. Please be aware that excessive worker creation might get DataLoader running slow or even freeze, lower the worker number to avoid potential slowness/freeze if necessary.
  warnings.warn(_create_warning_msg(
